[variants] which=rse dev=cuda seeds=[42, 142, 242] markets=['SPY', 'NIFTY'] lambda=0.001
=== SPY (tc=0.0003) 722 train windows ===
Stage 1: CVaR Pretraining
Pre-training base models...
  Training lstm...
    lstm pretrained (loss: 7.8119)
  Training transformer...
    transformer pretrained (loss: 9.1093)
  Training signature...
    signature pretrained (loss: 8.1276)
Training gating network...
  Epoch 10/25: Loss = 7.5843
  Epoch 20/25: Loss = 7.5573
  seed 42: trained RSE_base in 40s (train_tc=0.0003)
Stage 1: CVaR Pretraining
Pre-training base models...
  Training lstm...
    lstm pretrained (loss: 7.4285)
  Training transformer...
    transformer pretrained (loss: 8.8917)
  Training signature...
    signature pretrained (loss: 7.7255)
  seed 42: trained RSE_fric in 37s (train_tc=0.0003)
    covid_2020/RSE_base[42]: CVaR=28.253 turn=1.005 n=30
    covid_2020/RSE_fric[42]: CVaR=27.521 turn=1.001 n=30
    post_covid_2021/RSE_base[42]: CVaR=12.132 turn=0.982 n=220
    post_covid_2021/RSE_fric[42]: CVaR=12.265 turn=1.047 n=220
    gfc_2008/RSE_base[42]: CVaR=10.640 turn=1.038 n=472
    gfc_2008/RSE_fric[42]: CVaR=10.684 turn=1.082 n=472
Stage 1: CVaR Pretraining
Pre-training base models...
  Training lstm...
    lstm pretrained (loss: 7.7384)
  Training transformer...
    transformer pretrained (loss: 8.4978)
  Training signature...
    signature pretrained (loss: 7.9317)
Training gating network...
  Epoch 10/25: Loss = 7.5278
  Epoch 20/25: Loss = 7.6420
  seed 142: trained RSE_base in 37s (train_tc=0.0003)
Stage 1: CVaR Pretraining
Pre-training base models...
  Training lstm...
    lstm pretrained (loss: 7.4605)
  Training transformer...
    transformer pretrained (loss: 9.8763)
  Training signature...
    signature pretrained (loss: 7.5505)
  seed 142: trained RSE_fric in 37s (train_tc=0.0003)
    covid_2020/RSE_base[142]: CVaR=30.890 turn=0.965 n=30
    covid_2020/RSE_fric[142]: CVaR=33.174 turn=0.957 n=30
    post_covid_2021/RSE_base[142]: CVaR=11.872 turn=0.990 n=220
    post_covid_2021/RSE_fric[142]: CVaR=11.306 turn=1.045 n=220
    gfc_2008/RSE_base[142]: CVaR=11.162 turn=1.036 n=472
    gfc_2008/RSE_fric[142]: CVaR=11.906 turn=1.057 n=472
Stage 1: CVaR Pretraining
Pre-training base models...
  Training lstm...
    lstm pretrained (loss: 8.2950)
  Training transformer...
    transformer pretrained (loss: 9.2834)
  Training signature...
    signature pretrained (loss: 7.9845)
Training gating network...
  Epoch 10/25: Loss = 7.9642
  Epoch 20/25: Loss = 7.8121
  seed 242: trained RSE_base in 37s (train_tc=0.0003)
Stage 1: CVaR Pretraining
Pre-training base models...
  Training lstm...
    lstm pretrained (loss: 8.1406)
  Training transformer...
    transformer pretrained (loss: 8.7454)
  Training signature...
    signature pretrained (loss: 7.5457)
  seed 242: trained RSE_fric in 37s (train_tc=0.0003)
    covid_2020/RSE_base[242]: CVaR=34.557 turn=1.046 n=30
    covid_2020/RSE_fric[242]: CVaR=26.616 turn=1.108 n=30
    post_covid_2021/RSE_base[242]: CVaR=11.349 turn=0.911 n=220
    post_covid_2021/RSE_fric[242]: CVaR=13.499 turn=1.145 n=220
    gfc_2008/RSE_base[242]: CVaR=11.619 turn=0.996 n=472
    gfc_2008/RSE_fric[242]: CVaR=9.990 turn=1.201 n=472
=== NIFTY (tc=0.0018) 702 train windows ===
Stage 1: CVaR Pretraining
Pre-training base models...
  Training lstm...
    lstm pretrained (loss: 344.3541)
  Training transformer...
    transformer pretrained (loss: 396.7092)
  Training signature...
    signature pretrained (loss: 359.2588)
Training gating network...
  Epoch 10/25: Loss = 339.9644
  Epoch 20/25: Loss = 339.3231
  seed 42: trained RSE_base in 34s (train_tc=0.0018)
Stage 1: CVaR Pretraining
Pre-training base models...
  Training lstm...
    lstm pretrained (loss: 364.2234)
  Training transformer...
    transformer pretrained (loss: 438.7129)
  Training signature...
    signature pretrained (loss: 368.1683)
  seed 42: trained RSE_fric in 34s (train_tc=0.0018)
    covid_2020/RSE_base[42]: CVaR=1250.337 turn=0.919 n=26
    covid_2020/RSE_fric[42]: CVaR=1309.035 turn=0.840 n=26
    gfc_2008/RSE_base[42]: CVaR=675.042 turn=1.019 n=402
    gfc_2008/RSE_fric[42]: CVaR=667.689 turn=0.987 n=402
Stage 1: CVaR Pretraining
Pre-training base models...
  Training lstm...
    lstm pretrained (loss: 346.3110)
  Training transformer...
    transformer pretrained (loss: 407.6279)
  Training signature...
    signature pretrained (loss: 362.2642)
Training gating network...
  Epoch 10/25: Loss = 341.0536
  Epoch 20/25: Loss = 339.2014
  seed 142: trained RSE_base in 34s (train_tc=0.0018)
Stage 1: CVaR Pretraining
Pre-training base models...
  Training lstm...
    lstm pretrained (loss: 362.4412)
  Training transformer...
    transformer pretrained (loss: 389.5083)
  Training signature...
    signature pretrained (loss: 380.4235)
  seed 142: trained RSE_fric in 34s (train_tc=0.0018)
    covid_2020/RSE_base[142]: CVaR=1302.516 turn=1.066 n=26
    covid_2020/RSE_fric[142]: CVaR=1328.545 turn=0.997 n=26
    gfc_2008/RSE_base[142]: CVaR=728.368 turn=1.092 n=402
    gfc_2008/RSE_fric[142]: CVaR=717.415 turn=1.068 n=402
Stage 1: CVaR Pretraining
Pre-training base models...
  Training lstm...
    lstm pretrained (loss: 361.6377)
  Training transformer...
    transformer pretrained (loss: 420.9463)
  Training signature...
    signature pretrained (loss: 363.2294)
Training gating network...
  Epoch 10/25: Loss = 346.5585
  Epoch 20/25: Loss = 345.5741
  seed 242: trained RSE_base in 35s (train_tc=0.0018)
Stage 1: CVaR Pretraining
Pre-training base models...
  Training lstm...
    lstm pretrained (loss: 362.0527)
  Training transformer...
    transformer pretrained (loss: 418.6263)
  Training signature...
    signature pretrained (loss: 374.3889)
  seed 242: trained RSE_fric in 34s (train_tc=0.0018)
    covid_2020/RSE_base[242]: CVaR=1302.744 turn=0.920 n=26
    covid_2020/RSE_fric[242]: CVaR=1276.399 turn=1.110 n=26
    gfc_2008/RSE_base[242]: CVaR=711.742 turn=1.023 n=402
    gfc_2008/RSE_fric[242]: CVaR=718.341 turn=1.089 n=402
[variants] done
