[variants] which=rse dev=cuda seeds=[42, 142, 242] markets=['SPY', 'NIFTY'] lambda=0.001
=== SPY (tc=0.0003) 722 train windows ===
Stage 1: CVaR Pretraining
Pre-training base models...
  Training lstm...
    lstm pretrained (loss: 7.8118)
  Training transformer...
    transformer pretrained (loss: 9.0414)
  Training signature...
    signature pretrained (loss: 8.1471)
Training gating network...
  Epoch 10/25: Loss = 7.7482
  Epoch 20/25: Loss = 7.7309
  seed 42: trained RSE_base in 40s (train_tc=0.0006)
Stage 1: CVaR Pretraining
Pre-training base models...
  Training lstm...
    lstm pretrained (loss: 7.8025)
  Training transformer...
    transformer pretrained (loss: 9.5296)
  Training signature...
    signature pretrained (loss: 8.0273)
  seed 42: trained RSE_fric in 37s (train_tc=0.0006)
    covid_2020/RSE_base[42]: CVaR=27.980 turn=1.043 n=30
    covid_2020/RSE_fric[42]: CVaR=34.198 turn=0.994 n=30
    post_covid_2021/RSE_base[42]: CVaR=12.593 turn=0.944 n=220
    post_covid_2021/RSE_fric[42]: CVaR=11.228 turn=0.980 n=220
    gfc_2008/RSE_base[42]: CVaR=10.600 turn=1.028 n=472
    gfc_2008/RSE_fric[42]: CVaR=11.017 turn=1.017 n=472
Stage 1: CVaR Pretraining
Pre-training base models...
  Training lstm...
    lstm pretrained (loss: 7.7382)
  Training transformer...
    transformer pretrained (loss: 9.2331)
  Training signature...
    signature pretrained (loss: 7.8125)
Training gating network...
  Epoch 10/25: Loss = 7.5328
  Epoch 20/25: Loss = 7.6059
  seed 142: trained RSE_base in 38s (train_tc=0.0006)
Stage 1: CVaR Pretraining
Pre-training base models...
  Training lstm...
    lstm pretrained (loss: 7.8452)
  Training transformer...
    transformer pretrained (loss: 9.0320)
  Training signature...
    signature pretrained (loss: 7.7280)
  seed 142: trained RSE_fric in 38s (train_tc=0.0006)
    covid_2020/RSE_base[142]: CVaR=29.936 turn=0.988 n=30
    covid_2020/RSE_fric[142]: CVaR=37.908 turn=1.010 n=30
    post_covid_2021/RSE_base[142]: CVaR=12.451 turn=1.012 n=220
    post_covid_2021/RSE_fric[142]: CVaR=10.929 turn=0.998 n=220
    gfc_2008/RSE_base[142]: CVaR=11.232 turn=1.050 n=472
    gfc_2008/RSE_fric[142]: CVaR=11.655 turn=1.035 n=472
Stage 1: CVaR Pretraining
Pre-training base models...
  Training lstm...
    lstm pretrained (loss: 8.2950)
  Training transformer...
    transformer pretrained (loss: 9.1390)
  Training signature...
    signature pretrained (loss: 8.0081)
Training gating network...
  Epoch 10/25: Loss = 7.7502
  Epoch 20/25: Loss = 7.7226
  seed 242: trained RSE_base in 38s (train_tc=0.0006)
Stage 1: CVaR Pretraining
Pre-training base models...
  Training lstm...
    lstm pretrained (loss: 8.0165)
  Training transformer...
    transformer pretrained (loss: 8.5075)
  Training signature...
    signature pretrained (loss: 7.7494)
  seed 242: trained RSE_fric in 38s (train_tc=0.0006)
    covid_2020/RSE_base[242]: CVaR=30.346 turn=1.160 n=30
    covid_2020/RSE_fric[242]: CVaR=28.416 turn=1.081 n=30
    post_covid_2021/RSE_base[242]: CVaR=12.166 turn=0.995 n=220
    post_covid_2021/RSE_fric[242]: CVaR=12.533 turn=1.080 n=220
    gfc_2008/RSE_base[242]: CVaR=11.083 turn=1.070 n=472
    gfc_2008/RSE_fric[242]: CVaR=10.463 turn=1.142 n=472
=== NIFTY (tc=0.0018) 702 train windows ===
Stage 1: CVaR Pretraining
Pre-training base models...
  Training lstm...
    lstm pretrained (loss: 344.3541)
  Training transformer...
    transformer pretrained (loss: 396.7092)
  Training signature...
    signature pretrained (loss: 359.2588)
Training gating network...
  Epoch 10/25: Loss = 339.9644
  Epoch 20/25: Loss = 339.3231
  seed 42: trained RSE_base in 35s (train_tc=0.0036)
Stage 1: CVaR Pretraining
Pre-training base models...
  Training lstm...
    lstm pretrained (loss: 373.8931)
  Training transformer...
    transformer pretrained (loss: 450.8262)
  Training signature...
    signature pretrained (loss: 392.6140)
  seed 42: trained RSE_fric in 35s (train_tc=0.0036)
    covid_2020/RSE_base[42]: CVaR=1250.337 turn=0.919 n=26
    covid_2020/RSE_fric[42]: CVaR=1349.821 turn=0.747 n=26
    gfc_2008/RSE_base[42]: CVaR=675.042 turn=1.019 n=402
    gfc_2008/RSE_fric[42]: CVaR=705.706 turn=0.903 n=402
Stage 1: CVaR Pretraining
Pre-training base models...
  Training lstm...
    lstm pretrained (loss: 346.3110)
  Training transformer...
    transformer pretrained (loss: 407.6279)
  Training signature...
    signature pretrained (loss: 362.2642)
Training gating network...
  Epoch 10/25: Loss = 341.0536
  Epoch 20/25: Loss = 339.2014
  seed 142: trained RSE_base in 35s (train_tc=0.0036)
Stage 1: CVaR Pretraining
Pre-training base models...
  Training lstm...
    lstm pretrained (loss: 400.2930)
  Training transformer...
    transformer pretrained (loss: 432.3904)
  Training signature...
    signature pretrained (loss: 403.3991)
  seed 142: trained RSE_fric in 34s (train_tc=0.0036)
    covid_2020/RSE_base[142]: CVaR=1302.516 turn=1.066 n=26
    covid_2020/RSE_fric[142]: CVaR=1276.424 turn=0.893 n=26
    gfc_2008/RSE_base[142]: CVaR=728.368 turn=1.092 n=402
    gfc_2008/RSE_fric[142]: CVaR=711.229 turn=0.960 n=402
Stage 1: CVaR Pretraining
Pre-training base models...
  Training lstm...
    lstm pretrained (loss: 361.6377)
  Training transformer...
    transformer pretrained (loss: 420.9463)
  Training signature...
    signature pretrained (loss: 363.2294)
Training gating network...
  Epoch 10/25: Loss = 346.5585
  Epoch 20/25: Loss = 345.5741
  seed 242: trained RSE_base in 35s (train_tc=0.0036)
Stage 1: CVaR Pretraining
Pre-training base models...
  Training lstm...
    lstm pretrained (loss: 406.9323)
  Training transformer...
    transformer pretrained (loss: 462.4118)
  Training signature...
    signature pretrained (loss: 405.3314)
  seed 242: trained RSE_fric in 35s (train_tc=0.0036)
    covid_2020/RSE_base[242]: CVaR=1302.744 turn=0.920 n=26
    covid_2020/RSE_fric[242]: CVaR=1256.657 turn=0.815 n=26
    gfc_2008/RSE_base[242]: CVaR=711.742 turn=1.023 n=402
    gfc_2008/RSE_fric[242]: CVaR=659.783 turn=0.982 n=402
[variants] done
