[variants] which=rse dev=cuda seeds=[42, 142, 242] markets=['SPY', 'NIFTY'] lambda=0.001
=== SPY (tc=0.0003) 722 train windows ===
Stage 1: CVaR Pretraining
Pre-training base models...
  Training lstm...
    lstm pretrained (loss: 7.8115)
  Training transformer...
    transformer pretrained (loss: 10.3273)
  Training signature...
    signature pretrained (loss: 7.9832)
Training gating network...
  Epoch 10/25: Loss = 7.5542
  Epoch 20/25: Loss = 7.5830
  seed 42: trained RSE_base in 40s (train_tc=0.0009)
Stage 1: CVaR Pretraining
Pre-training base models...
  Training lstm...
    lstm pretrained (loss: 8.4381)
  Training transformer...
    transformer pretrained (loss: 9.6967)
  Training signature...
    signature pretrained (loss: 8.0446)
  seed 42: trained RSE_fric in 37s (train_tc=0.0009)
    covid_2020/RSE_base[42]: CVaR=29.294 turn=1.104 n=30
    covid_2020/RSE_fric[42]: CVaR=31.993 turn=1.076 n=30
    post_covid_2021/RSE_base[42]: CVaR=12.163 turn=0.989 n=220
    post_covid_2021/RSE_fric[42]: CVaR=11.492 turn=1.012 n=220
    gfc_2008/RSE_base[42]: CVaR=10.855 turn=1.088 n=472
    gfc_2008/RSE_fric[42]: CVaR=10.801 turn=1.085 n=472
Stage 1: CVaR Pretraining
Pre-training base models...
  Training lstm...
    lstm pretrained (loss: 7.7384)
  Training transformer...
    transformer pretrained (loss: 9.0377)
  Training signature...
    signature pretrained (loss: 7.7568)
Training gating network...
  Epoch 10/25: Loss = 7.6902
  Epoch 20/25: Loss = 7.7010
  seed 142: trained RSE_base in 37s (train_tc=0.0009)
Stage 1: CVaR Pretraining
Pre-training base models...
  Training lstm...
    lstm pretrained (loss: 7.6625)
  Training transformer...
    transformer pretrained (loss: 8.3948)
  Training signature...
    signature pretrained (loss: 7.7037)
  seed 142: trained RSE_fric in 37s (train_tc=0.0009)
    covid_2020/RSE_base[142]: CVaR=31.575 turn=1.007 n=30
    covid_2020/RSE_fric[142]: CVaR=30.949 turn=1.005 n=30
    post_covid_2021/RSE_base[142]: CVaR=11.348 turn=0.992 n=220
    post_covid_2021/RSE_fric[142]: CVaR=11.925 turn=1.008 n=220
    gfc_2008/RSE_base[142]: CVaR=11.798 turn=1.053 n=472
    gfc_2008/RSE_fric[142]: CVaR=11.895 turn=1.058 n=472
Stage 1: CVaR Pretraining
Pre-training base models...
  Training lstm...
    lstm pretrained (loss: 8.2950)
  Training transformer...
    transformer pretrained (loss: 9.0987)
  Training signature...
    signature pretrained (loss: 7.9070)
Training gating network...
  Epoch 10/25: Loss = 7.7966
  Epoch 20/25: Loss = 7.7205
  seed 242: trained RSE_base in 38s (train_tc=0.0009)
Stage 1: CVaR Pretraining
Pre-training base models...
  Training lstm...
    lstm pretrained (loss: 8.1154)
  Training transformer...
    transformer pretrained (loss: 9.0900)
  Training signature...
    signature pretrained (loss: 7.8551)
  seed 242: trained RSE_fric in 37s (train_tc=0.0009)
    covid_2020/RSE_base[242]: CVaR=32.345 turn=1.225 n=30
    covid_2020/RSE_fric[242]: CVaR=30.592 turn=1.183 n=30
    post_covid_2021/RSE_base[242]: CVaR=11.554 turn=1.058 n=220
    post_covid_2021/RSE_fric[242]: CVaR=12.019 turn=1.061 n=220
    gfc_2008/RSE_base[242]: CVaR=11.499 turn=1.141 n=472
    gfc_2008/RSE_fric[242]: CVaR=11.970 turn=1.164 n=472
=== NIFTY (tc=0.0018) 702 train windows ===
Stage 1: CVaR Pretraining
Pre-training base models...
  Training lstm...
    lstm pretrained (loss: 344.3541)
  Training transformer...
    transformer pretrained (loss: 396.7092)
  Training signature...
    signature pretrained (loss: 359.2588)
Training gating network...
  Epoch 10/25: Loss = 339.9644
  Epoch 20/25: Loss = 339.3231
  seed 42: trained RSE_base in 34s (train_tc=0.0054)
Stage 1: CVaR Pretraining
Pre-training base models...
  Training lstm...
    lstm pretrained (loss: 410.5320)
  Training transformer...
    transformer pretrained (loss: 484.0971)
  Training signature...
    signature pretrained (loss: 433.2910)
  seed 42: trained RSE_fric in 34s (train_tc=0.0054)
    covid_2020/RSE_base[42]: CVaR=1250.337 turn=0.919 n=26
    covid_2020/RSE_fric[42]: CVaR=1307.874 turn=0.703 n=26
    gfc_2008/RSE_base[42]: CVaR=675.042 turn=1.019 n=402
    gfc_2008/RSE_fric[42]: CVaR=615.980 turn=0.817 n=402
Stage 1: CVaR Pretraining
Pre-training base models...
  Training lstm...
    lstm pretrained (loss: 346.3110)
  Training transformer...
    transformer pretrained (loss: 407.6279)
  Training signature...
    signature pretrained (loss: 362.2642)
Training gating network...
  Epoch 10/25: Loss = 341.0536
  Epoch 20/25: Loss = 339.2014
  seed 142: trained RSE_base in 35s (train_tc=0.0054)
Stage 1: CVaR Pretraining
Pre-training base models...
  Training lstm...
    lstm pretrained (loss: 406.1402)
  Training transformer...
    transformer pretrained (loss: 475.7578)
  Training signature...
    signature pretrained (loss: 429.8035)
  seed 142: trained RSE_fric in 34s (train_tc=0.0054)
    covid_2020/RSE_base[142]: CVaR=1302.516 turn=1.066 n=26
    covid_2020/RSE_fric[142]: CVaR=1178.207 turn=0.884 n=26
    gfc_2008/RSE_base[142]: CVaR=728.368 turn=1.092 n=402
    gfc_2008/RSE_fric[142]: CVaR=657.745 turn=0.868 n=402
Stage 1: CVaR Pretraining
Pre-training base models...
  Training lstm...
    lstm pretrained (loss: 361.6377)
  Training transformer...
    transformer pretrained (loss: 420.9463)
  Training signature...
    signature pretrained (loss: 363.2294)
Training gating network...
  Epoch 10/25: Loss = 346.5585
  Epoch 20/25: Loss = 345.5741
  seed 242: trained RSE_base in 34s (train_tc=0.0054)
Stage 1: CVaR Pretraining
Pre-training base models...
  Training lstm...
    lstm pretrained (loss: 425.8788)
  Training transformer...
    transformer pretrained (loss: 456.2462)
  Training signature...
    signature pretrained (loss: 431.0966)
  seed 242: trained RSE_fric in 34s (train_tc=0.0054)
    covid_2020/RSE_base[242]: CVaR=1302.744 turn=0.920 n=26
    covid_2020/RSE_fric[242]: CVaR=1346.794 turn=0.867 n=26
    gfc_2008/RSE_base[242]: CVaR=711.742 turn=1.023 n=402
    gfc_2008/RSE_fric[242]: CVaR=727.611 turn=0.886 n=402
[variants] done
