[variants] which=rse dev=cuda seeds=[42, 142, 242] markets=['SPY', 'NIFTY'] lambda=0.001
=== SPY (tc=0.0003) 722 train windows ===
Stage 1: CVaR Pretraining
Pre-training base models...
  Training lstm...
    lstm pretrained (loss: 7.8117)
  Training transformer...
    transformer pretrained (loss: 9.1234)
  Training signature...
    signature pretrained (loss: 8.1445)
Training gating network...
  Epoch 10/25: Loss = 7.6869
  Epoch 20/25: Loss = 7.6359
  seed 42: trained RSE_base in 40s (train_tc=0.0003)
Stage 1: CVaR Pretraining
Pre-training base models...
  Training lstm...
    lstm pretrained (loss: 7.7211)
  Training transformer...
    transformer pretrained (loss: 9.3856)
  Training signature...
    signature pretrained (loss: 7.9870)
Training gating network...
  Epoch 10/25: Loss = 7.6084
  Epoch 20/25: Loss = 7.6954
  seed 42: trained RSE_rich in 39s (train_tc=0.0003)
    covid_2020/RSE_base[42]: CVaR=28.877 turn=1.076 n=30
    covid_2020/RSE_rich[42]: CVaR=27.803 turn=1.001 n=30
    post_covid_2021/RSE_base[42]: CVaR=12.260 turn=0.964 n=220
    post_covid_2021/RSE_rich[42]: CVaR=12.623 turn=1.025 n=220
    gfc_2008/RSE_base[42]: CVaR=10.686 turn=1.066 n=472
    gfc_2008/RSE_rich[42]: CVaR=10.636 turn=1.083 n=472
Stage 1: CVaR Pretraining
Pre-training base models...
  Training lstm...
    lstm pretrained (loss: 7.7383)
  Training transformer...
    transformer pretrained (loss: 9.4198)
  Training signature...
    signature pretrained (loss: 7.8120)
Training gating network...
  Epoch 10/25: Loss = 7.4980
  Epoch 20/25: Loss = 7.5882
  seed 142: trained RSE_base in 37s (train_tc=0.0003)
Stage 1: CVaR Pretraining
Pre-training base models...
  Training lstm...
    lstm pretrained (loss: 7.6869)
  Training transformer...
    transformer pretrained (loss: 8.5819)
  Training signature...
    signature pretrained (loss: 7.8870)
Training gating network...
  Epoch 10/25: Loss = 7.4765
  Epoch 20/25: Loss = 7.5250
  seed 142: trained RSE_rich in 40s (train_tc=0.0003)
    covid_2020/RSE_base[142]: CVaR=30.276 turn=0.989 n=30
    covid_2020/RSE_rich[142]: CVaR=34.090 turn=1.078 n=30
    post_covid_2021/RSE_base[142]: CVaR=12.317 turn=1.035 n=220
    post_covid_2021/RSE_rich[142]: CVaR=11.647 turn=1.066 n=220
    gfc_2008/RSE_base[142]: CVaR=11.522 turn=1.070 n=472
    gfc_2008/RSE_rich[142]: CVaR=12.532 turn=1.114 n=472
Stage 1: CVaR Pretraining
Pre-training base models...
  Training lstm...
    lstm pretrained (loss: 8.2950)
  Training transformer...
    transformer pretrained (loss: 9.3811)
  Training signature...
    signature pretrained (loss: 7.9013)
Training gating network...
  Epoch 10/25: Loss = 7.7461
  Epoch 20/25: Loss = 7.6959
  seed 242: trained RSE_base in 38s (train_tc=0.0003)
Stage 1: CVaR Pretraining
Pre-training base models...
  Training lstm...
    lstm pretrained (loss: 8.2655)
  Training transformer...
    transformer pretrained (loss: 8.5776)
  Training signature...
    signature pretrained (loss: 8.0495)
Training gating network...
  Epoch 10/25: Loss = 7.9576
  Epoch 20/25: Loss = 7.8598
  seed 242: trained RSE_rich in 42s (train_tc=0.0003)
    covid_2020/RSE_base[242]: CVaR=31.352 turn=1.153 n=30
    covid_2020/RSE_rich[242]: CVaR=30.827 turn=1.116 n=30
    post_covid_2021/RSE_base[242]: CVaR=11.838 turn=0.998 n=220
    post_covid_2021/RSE_rich[242]: CVaR=12.357 turn=1.049 n=220
    gfc_2008/RSE_base[242]: CVaR=11.297 turn=1.094 n=472
    gfc_2008/RSE_rich[242]: CVaR=11.347 turn=1.124 n=472
=== NIFTY (tc=0.0018) 702 train windows ===
Stage 1: CVaR Pretraining
Pre-training base models...
  Training lstm...
    lstm pretrained (loss: 344.3541)
  Training transformer...
    transformer pretrained (loss: 396.7092)
  Training signature...
    signature pretrained (loss: 359.2588)
Training gating network...
  Epoch 10/25: Loss = 339.9644
  Epoch 20/25: Loss = 339.3231
  seed 42: trained RSE_base in 37s (train_tc=0.0018)
Stage 1: CVaR Pretraining
Pre-training base models...
  Training lstm...
    lstm pretrained (loss: 344.3236)
  Training transformer...
    transformer pretrained (loss: 449.0266)
  Training signature...
    signature pretrained (loss: 351.4127)
Training gating network...
  Epoch 10/25: Loss = 346.7479
  Epoch 20/25: Loss = 348.4194
  seed 42: trained RSE_rich in 38s (train_tc=0.0018)
    covid_2020/RSE_base[42]: CVaR=1250.337 turn=0.919 n=26
    covid_2020/RSE_rich[42]: CVaR=1161.623 turn=0.980 n=26
    gfc_2008/RSE_base[42]: CVaR=675.042 turn=1.019 n=402
    gfc_2008/RSE_rich[42]: CVaR=679.930 turn=1.114 n=402
Stage 1: CVaR Pretraining
Pre-training base models...
  Training lstm...
    lstm pretrained (loss: 346.3110)
  Training transformer...
    transformer pretrained (loss: 407.6279)
  Training signature...
    signature pretrained (loss: 362.2642)
Training gating network...
  Epoch 10/25: Loss = 341.0536
  Epoch 20/25: Loss = 339.2014
  seed 142: trained RSE_base in 35s (train_tc=0.0018)
Stage 1: CVaR Pretraining
Pre-training base models...
  Training lstm...
    lstm pretrained (loss: 356.5054)
  Training transformer...
    transformer pretrained (loss: 393.7429)
  Training signature...
    signature pretrained (loss: 366.3966)
Training gating network...
  Epoch 10/25: Loss = 337.8006
  Epoch 20/25: Loss = 339.6638
  seed 142: trained RSE_rich in 37s (train_tc=0.0018)
    covid_2020/RSE_base[142]: CVaR=1302.516 turn=1.066 n=26
    covid_2020/RSE_rich[142]: CVaR=1354.246 turn=1.105 n=26
    gfc_2008/RSE_base[142]: CVaR=728.368 turn=1.092 n=402
    gfc_2008/RSE_rich[142]: CVaR=776.889 turn=1.154 n=402
Stage 1: CVaR Pretraining
Pre-training base models...
  Training lstm...
    lstm pretrained (loss: 361.6377)
  Training transformer...
    transformer pretrained (loss: 420.9463)
  Training signature...
    signature pretrained (loss: 363.2294)
Training gating network...
  Epoch 10/25: Loss = 346.5585
  Epoch 20/25: Loss = 345.5741
  seed 242: trained RSE_base in 35s (train_tc=0.0018)
Stage 1: CVaR Pretraining
Pre-training base models...
  Training lstm...
    lstm pretrained (loss: 347.8213)
  Training transformer...
    transformer pretrained (loss: 421.4552)
  Training signature...
    signature pretrained (loss: 373.6396)
Training gating network...
  Epoch 10/25: Loss = 357.2612
  Epoch 20/25: Loss = 348.5526
  seed 242: trained RSE_rich in 37s (train_tc=0.0018)
    covid_2020/RSE_base[242]: CVaR=1302.744 turn=0.920 n=26
    covid_2020/RSE_rich[242]: CVaR=1147.250 turn=0.946 n=26
    gfc_2008/RSE_base[242]: CVaR=711.742 turn=1.023 n=402
    gfc_2008/RSE_rich[242]: CVaR=649.530 turn=1.088 n=402
[variants] done
