[full_tc_validation] device=mps  r=0.05  c_tc=0.001
Generating training data (25000 samples)...
Generating validation data (5000 samples)...
Generating test data (10000 samples)...
[seed 42] LSTM: already done, skipping
[seed 42] RSE: already done, skipping
Generating training data (25000 samples)...
Generating validation data (5000 samples)...
Generating test data (10000 samples)...
[seed 142] LSTM: already done, skipping
[seed 142] RSE: already done, skipping
Generating training data (25000 samples)...
Generating validation data (5000 samples)...
Generating test data (10000 samples)...
[seed 242] LSTM: already done, skipping
[seed 242] RSE: already done, skipping
Generating training data (25000 samples)...
Generating validation data (5000 samples)...
Generating test data (10000 samples)...
[seed 342] LSTM: already done, skipping
[seed 342] RSE: already done, skipping
Generating training data (25000 samples)...
Generating validation data (5000 samples)...
Generating test data (10000 samples)...
[seed 442] LSTM: already done, skipping
[seed 442] RSE: already done, skipping
Generating training data (25000 samples)...
Generating validation data (5000 samples)...
Generating test data (10000 samples)...
[seed 542] LSTM: already done, skipping
[seed 542] RSE: already done, skipping
Generating training data (25000 samples)...
Generating validation data (5000 samples)...
Generating test data (10000 samples)...
[seed 642] LSTM: already done, skipping
[seed 642] RSE: already done, skipping
Generating training data (25000 samples)...
Generating validation data (5000 samples)...
Generating test data (10000 samples)...
[seed 742] LSTM: already done, skipping
[seed 742] RSE: already done, skipping
Generating training data (25000 samples)...
Generating validation data (5000 samples)...
Generating test data (10000 samples)...
[seed 842] LSTM: already done, skipping
[seed 842] RSE: already done, skipping
Generating training data (25000 samples)...
Generating validation data (5000 samples)...
Generating test data (10000 samples)...
[seed 942] LSTM: already done, skipping
[seed 942] RSE: already done, skipping
[full_tc_validation] done
