[spy_nifty_full] device=mps

=== SPY calm_15 (sigma=0.15) ===
Generating training data (8000 samples)...
Generating validation data (2000 samples)...
Generating test data (5000 samples)...
[SPY calm_15] LSTM: cached
[SPY calm_15] 3SCH: cached
[SPY calm_15] RSE: cached

=== SPY post_covid_20 (sigma=0.2) ===
Generating training data (8000 samples)...
Generating validation data (2000 samples)...
Generating test data (5000 samples)...
[SPY post_covid_20] LSTM: cached
[SPY post_covid_20] 3SCH: cached
[SPY post_covid_20] RSE: cached

=== SPY covid_65 (sigma=0.65) ===
Generating training data (8000 samples)...
Generating validation data (2000 samples)...
Generating test data (5000 samples)...
[SPY covid_65] LSTM: cached
[SPY covid_65] 3SCH: cached
[SPY covid_65] RSE: cached

=== SPY gfc_80 (sigma=0.8) ===
Generating training data (8000 samples)...
Generating validation data (2000 samples)...
Generating test data (5000 samples)...
[SPY gfc_80] LSTM: cached
[SPY gfc_80] 3SCH: cached
[SPY gfc_80] RSE: cached

=== NIFTY calm_14 (sigma=0.14) ===
Generating training data (8000 samples)...
/Users/prathamkailasiya/Desktop/Sem9 Desktop/Thesis/deep_hedging_new/src/env/heston.py:48: UserWarning: Feller condition not satisfied: 2κθ=0.0392 <= σ²=0.0400. Variance process may hit zero.
  warnings.warn(
Generating validation data (2000 samples)...
Generating test data (5000 samples)...
[NIFTY calm_14] LSTM: cached
[NIFTY calm_14] 3SCH: cached
[NIFTY calm_14] RSE: cached

=== NIFTY covid_55 (sigma=0.55) ===
Generating training data (8000 samples)...
Generating validation data (2000 samples)...
Generating test data (5000 samples)...
[NIFTY covid_55] LSTM: cached
[NIFTY covid_55] 3SCH: cached
[NIFTY covid_55] RSE: cached

=== NIFTY gfc_70 (sigma=0.7) ===
Generating training data (8000 samples)...
Generating validation data (2000 samples)...
Generating test data (5000 samples)...
[NIFTY gfc_70] LSTM: cached
[NIFTY gfc_70] 3SCH: cached
[NIFTY gfc_70] RSE: cached
[spy_nifty_full] done
